
=== STARTING FINANCIAL ENGINE INTEGRITY TESTS ===

[1/5] Setting up test environment... 
Γ¥î TEST FAILED: Cannot delete or update a parent row: a foreign key constraint fails (`umoja_drivers_sacco`.`transactions`, CONSTRAINT `transactions_ibfk_1` FOREIGN KEY (`member_id`) REFERENCES `members` (`member_id`))
File: C:\xampp\htdocs\usms\tests\financial_engine_test.php
Line: 50
Trace: #0 C:\xampp\htdocs\usms\tests\financial_engine_test.php(50): mysqli->query('DELETE FROM mem...')
#1 C:\xampp\htdocs\usms\tests\financial_engine_test.php(27): FinancialEngineTest->setup()
#2 C:\xampp\htdocs\usms\tests\financial_engine_test.php(139): FinancialEngineTest->run()
#3 {main}
DB Error: Cannot delete or update a parent row: a foreign key constraint fails (`umoja_drivers_sacco`.`transactions`, CONSTRAINT `transactions_ibfk_1` FOREIGN KEY (`member_id`) REFERENCES `members` (`member_id`))
php : PHP Fatal 
error:  Uncaught mysq
li_sql_exception: 
Cannot delete or 
update a parent row: 
a foreign key 
constraint fails (`um
oja_drivers_sacco`.`t
ransactions`, 
CONSTRAINT `transacti
ons_ibfk_1` FOREIGN 
KEY (`member_id`) 
REFERENCES `members` 
(`member_id`)) in C:\
xampp\htdocs\usms\tes
ts\financial_engine_t
est.php:132
At line:1 char:1
+ php c:\xampp\htdocs
\usms\tests\financial
_engine_test.php > 
c:\xampp\h ...
+ ~~~~~~~~~~~~~~~~~~~
~~~~~~~~~~~~~~~~~~~~~
~~~~~~~~~~~~~~~~~~~~~
~~~~~~~~
    + CategoryInfo   
           : NotSpe  
  cified: (PHP Fat   
 al error...ne_te    
st.php:132:Strin    
g) [], RemoteExc    
eption
    + FullyQualified 
   ErrorId : Native  
  CommandError
 
Stack trace:
#0 C:\xampp\htdocs\us
ms\tests\financial_en
gine_test.php(132): m
ysqli->query('DELETE 
FROM mem...')
#1 C:\xampp\htdocs\us
ms\tests\financial_en
gine_test.php(44): Fi
nancialEngineTest->te
ardown()
#2 C:\xampp\htdocs\us
ms\tests\financial_en
gine_test.php(139): F
inancialEngineTest->r
un()
#3 {main}
  thrown in C:\xampp\
htdocs\usms\tests\fin
ancial_engine_test.ph
p on line 132

Fatal error: Uncaught mysqli_sql_exception: Cannot delete or update a parent row: a foreign key constraint fails (`umoja_drivers_sacco`.`transactions`, CONSTRAINT `transactions_ibfk_1` FOREIGN KEY (`member_id`) REFERENCES `members` (`member_id`)) in C:\xampp\htdocs\usms\tests\financial_engine_test.php:132
Stack trace:
#0 C:\xampp\htdocs\usms\tests\financial_engine_test.php(132): mysqli->query('DELETE FROM mem...')
#1 C:\xampp\htdocs\usms\tests\financial_engine_test.php(44): FinancialEngineTest->teardown()
#2 C:\xampp\htdocs\usms\tests\financial_engine_test.php(139): FinancialEngineTest->run()
#3 {main}
  thrown in C:\xampp\htdocs\usms\tests\financial_engine_test.php on line 132
